// Jest Snapshot v1, https://goo.gl/fbAQLP

exports[`Counter snapshot renders 1`] = `
<h1>
  Hello Webpack hotttt
</h1>
`;
